should render artifactoryUrl and brokerClientValidationUrl as secrets:
  1: |
    apiVersion: apps/v1
    kind: Deployment
    metadata:
      labels:
        app.kubernetes.io/instance: RELEASE-NAME
        app.kubernetes.io/managed-by: Helm
        app.kubernetes.io/name: RELEASE-NAME-snyk-broker
        helm.sh/chart: snyk-broker-0.0.0
      name: artifactory-RELEASE-NAME-snyk-broker
      namespace: NAMESPACE
    spec:
      replicas: 1
      selector:
        matchLabels:
          app.kubernetes.io/instance: RELEASE-NAME
          app.kubernetes.io/name: RELEASE-NAME-snyk-broker
      template:
        metadata:
          labels:
            app.kubernetes.io/instance: RELEASE-NAME
            app.kubernetes.io/name: RELEASE-NAME-snyk-broker
        spec:
          containers:
            - env:
                - name: BROKER_SERVER_URL
                  value: https://broker.test.snyk.io
                - name: BROKER_HEALTHCHECK_PATH
                  value: /healthcheck
                - name: BROKER_SYSTEMCHECK_PATH
                  value: /systemcheck
                - name: BROKER_TOKEN
                  valueFrom:
                    secretKeyRef:
                      key: artifactory-broker-token-key
                      name: artifactory-broker-token-RELEASE-NAME-snyk-broker
                - name: ARTIFACTORY_URL
                  valueFrom:
                    secretKeyRef:
                      key: artifactory-url
                      name: artifactory-url-RELEASE-NAME-snyk-broker
                - name: PORT
                  value: "8000"
                - name: BROKER_CLIENT_URL
                  value: http://brokerclient
                - name: BROKER_CLIENT_VALIDATION_URL
                  valueFrom:
                    secretKeyRef:
                      key: artifactory-broker-client-validation-url
                      name: artifactory-broker-validation-url-RELEASE-NAME-snyk-broker
                - name: LOG_LEVEL
                  value: info
                - name: LOG_ENABLE_BODY
                  value: "false"
                - name: BROKER_DISPATCHER_BASE_URL
                  value: https://api.test.snyk.io
              image: snyk/broker:artifactory
              imagePullPolicy: Always
              livenessProbe:
                failureThreshold: 3
                httpGet:
                  path: /healthcheck
                  port: 8000
                  scheme: HTTP
                initialDelaySeconds: 3
                periodSeconds: 10
                timeoutSeconds: 1
              name: artifactory-broker
              ports:
                - containerPort: 8000
                  name: http
              readinessProbe:
                failureThreshold: 3
                httpGet:
                  path: /healthcheck
                  port: 8000
                  scheme: HTTP
                initialDelaySeconds: 3
                periodSeconds: 10
                timeoutSeconds: 1
              resources:
                limits:
                  cpu: 1
                  memory: 256Mi
                requests:
                  cpu: 1
                  memory: 256Mi
              securityContext:
                allowPrivilegeEscalation: false
                capabilities:
                  drop:
                    - ALL
                readOnlyRootFilesystem: true
                runAsNonRoot: true
                runAsUser: 1000
              volumeMounts: null
          securityContext: {}
          serviceAccountName: snyk-broker
          volumes: null
  2: |
    apiVersion: v1
    kind: Service
    metadata:
      labels:
        app.kubernetes.io/instance: RELEASE-NAME
        app.kubernetes.io/managed-by: Helm
        app.kubernetes.io/name: RELEASE-NAME-snyk-broker
        helm.sh/chart: snyk-broker-0.0.0
      name: artifactory-RELEASE-NAME-snyk-broker
      namespace: NAMESPACE
    spec:
      ports:
        - port: 8000
          targetPort: 8000
      selector:
        app.kubernetes.io/instance: RELEASE-NAME
        app.kubernetes.io/name: RELEASE-NAME-snyk-broker
      type: ClusterIP
  3: |
    apiVersion: v1
    data:
      artifactory-broker-token-key: MTIzNDVhNmItNzhkOS0xZTJmLTNhYmMtNDU2ZGVmNzg5MTIz
    kind: Secret
    metadata:
      name: artifactory-broker-token-RELEASE-NAME-snyk-broker
    type: Opaque
  4: |
    apiVersion: v1
    data:
      snyk-token-key: MTIzNDVhNmItNzhkOS0xZTJmLTNhYmMtNDU2ZGVmNzg5MTIz
    kind: Secret
    metadata:
      name: snyk-token-RELEASE-NAME-snyk-broker
    type: Opaque
  5: |
    apiVersion: v1
    kind: Secret
    metadata:
      name: artifactory-url-RELEASE-NAME-snyk-broker
    stringData:
      artifactory-url: username:password@your-domain.com/artifactory
    type: Opaque
  6: |
    apiVersion: v1
    kind: Secret
    metadata:
      name: artifactory-broker-validation-url-RELEASE-NAME-snyk-broker
    stringData:
      artifactory-broker-client-validation-url: https://username:password@your-domain.com/artifactory/api/system/ping
    type: Opaque
  7: |
    apiVersion: v1
    kind: ServiceAccount
    metadata:
      labels:
        app.kubernetes.io/instance: RELEASE-NAME
        app.kubernetes.io/managed-by: Helm
        app.kubernetes.io/name: RELEASE-NAME-snyk-broker
        helm.sh/chart: snyk-broker-0.0.0
      name: snyk-broker
      namespace: NAMESPACE
